***********************************************************************************
*                                                                                 *
*  PPPPPPPPPPPP    L               U           U   M           M         A        *
*  P           P   L               U           U   MM         MM        A A       *
*  P           P   L               U           U   M M       M M       A   A      *
*  P           P   L               U           U   M  M     M  M      A     A     *
*  P           P   L               U           U   M   M   M   M     A       A    *
*  PPPPPPPPPPPP    L               U           U   M    M M    M    A         A   *
*  P               L               U           U   M     M     M   AAAAAAAAAAAAA  *
*  P               L               U           U   M           M   A           A  *
*  P               L               U           U   M           M   A           A  *
*  P               LLLLLLLLLLLLL    UUUUUUUUUUU    M           M   A           A  *
*                                                                                 *
*            [Plu]gin-based [M]icrobiome [A]nalysis (formerly MiAMi)              *
* (C) 2016, 2018 Bioinformatics Research Group, Florida International University  *
*    Under MIT License From Open Source Initiative (OSI), All Rights Reserved.    *
*                                                                                 *
*    Any professionally published work using PluMA should cite the following:     *
*                        T. Cickovski and G. Narasimhan.                          *
*                Constructing Lightweight and Flexible Pipelines                  *
*                 Using Plugin-Based Microbiome Analysis (PluMA)                  *
*                     Bioinformatics 34(17):2881-2888, 2018                       *
*                                                                                 *
***********************************************************************************
[PluMA] Running Plugin: BAMStats
bamtools stats -in plugins/BAMStats/example//input.bam

**********************************************
Stats for BAM file(s):
**********************************************

Total reads:       10
Mapped reads:      10   (100%)
Forward strand:    2    (20%)
Reverse strand:    8    (80%)
Failed QC:         0    (0%)
Duplicates:        0    (0%)
Paired-end reads:  0    (0%)

